// Jest Snapshot v1, https://goo.gl/fbAQLP

exports[`renders correctly 1`] = `
<View
  style={
    Object {
      "backgroundColor": "#FEFFFF",
      "borderColor": undefined,
      "borderTopWidth": undefined,
      "elevation": 3,
      "flexDirection": "row",
      "height": 56,
      "justifyContent": "center",
      "left": 0,
      "paddingBottom": 0,
      "right": 0,
    }
  }
>
  <View
    style={
      Object {
        "alignSelf": "stretch",
        "backgroundColor": undefined,
        "flex": 1,
        "flexDirection": "row",
        "justifyContent": "space-between",
      }
    }
  >
    <View
      accessible={true}
      isTVSelectable={true}
      onResponderGrant={[Function]}
      onResponderMove={[Function]}
      onResponderRelease={[Function]}
      onResponderTerminate={[Function]}
      onResponderTerminationRequest={[Function]}
      onStartShouldSetResponder={[Function]}
      style={
        Object {
          "alignItems": "center",
          "alignSelf": "center",
          "backgroundColor": "transparent",
          "borderBottomWidth": null,
          "borderColor": null,
          "borderLeftWidth": null,
          "borderRadius": 2,
          "borderRightWidth": null,
          "borderTopWidth": null,
          "borderWidth": undefined,
          "elevation": 0,
          "flex": 1,
          "flexDirection": null,
          "height": 56,
          "justifyContent": "center",
          "opacity": 1,
          "paddingBottom": 6,
          "paddingTop": 6,
          "shadowColor": null,
          "shadowOffset": null,
          "shadowOpacity": null,
          "shadowRadius": null,
        }
      }
    >
      <Image
        source={1}
        style={
          Object {
            "height": 34,
            "width": 38,
          }
        }
      />
      <Text
        style={
          Array [
            Object {
              "backgroundColor": "transparent",
              "color": "#bfc6ea",
              "fontFamily": "Roboto",
              "fontSize": 11,
              "lineHeight": 16,
              "marginLeft": 0,
              "marginRight": 0,
              "paddingLeft": 16,
              "paddingRight": 16,
            },
            Object {
              "alignItems": "center",
              "color": "#003A64",
              "fontSize": 13,
              "height": 18,
              "justifyContent": "center",
              "letterSpacing": 0.62,
              "lineHeight": 18,
            },
          ]
        }
        uppercase={false}
      >
        Home
      </Text>
    </View>
    <View
      accessible={true}
      isTVSelectable={true}
      onResponderGrant={[Function]}
      onResponderMove={[Function]}
      onResponderRelease={[Function]}
      onResponderTerminate={[Function]}
      onResponderTerminationRequest={[Function]}
      onStartShouldSetResponder={[Function]}
      style={
        Object {
          "alignItems": "center",
          "alignSelf": "center",
          "backgroundColor": "transparent",
          "borderBottomWidth": null,
          "borderColor": null,
          "borderLeftWidth": null,
          "borderRadius": 2,
          "borderRightWidth": null,
          "borderTopWidth": null,
          "borderWidth": undefined,
          "elevation": 0,
          "flex": 1,
          "flexDirection": null,
          "height": 56,
          "justifyContent": "center",
          "opacity": 1,
          "paddingBottom": 6,
          "paddingTop": 6,
          "shadowColor": null,
          "shadowOffset": null,
          "shadowOpacity": null,
          "shadowRadius": null,
        }
      }
    >
      <Image
        source={1}
        style={
          Object {
            "height": 34,
            "width": 38,
          }
        }
      />
      <Text
        style={
          Array [
            Object {
              "backgroundColor": "transparent",
              "color": "#bfc6ea",
              "fontFamily": "Roboto",
              "fontSize": 11,
              "lineHeight": 16,
              "marginLeft": 0,
              "marginRight": 0,
              "paddingLeft": 16,
              "paddingRight": 16,
            },
            Object {
              "alignItems": "center",
              "color": "#003A64",
              "fontSize": 13,
              "height": 18,
              "justifyContent": "center",
              "letterSpacing": 0.62,
              "lineHeight": 18,
            },
          ]
        }
        uppercase={false}
      >
        Services
      </Text>
    </View>
    <View
      accessible={true}
      isTVSelectable={true}
      onResponderGrant={[Function]}
      onResponderMove={[Function]}
      onResponderRelease={[Function]}
      onResponderTerminate={[Function]}
      onResponderTerminationRequest={[Function]}
      onStartShouldSetResponder={[Function]}
      style={
        Object {
          "alignItems": "center",
          "alignSelf": "center",
          "backgroundColor": "transparent",
          "borderBottomWidth": null,
          "borderColor": null,
          "borderLeftWidth": null,
          "borderRadius": 2,
          "borderRightWidth": null,
          "borderTopWidth": null,
          "borderWidth": undefined,
          "elevation": 0,
          "flex": 1,
          "flexDirection": null,
          "height": 56,
          "justifyContent": "center",
          "opacity": 1,
          "paddingBottom": 6,
          "paddingTop": 6,
          "shadowColor": null,
          "shadowOffset": null,
          "shadowOpacity": null,
          "shadowRadius": null,
        }
      }
    >
      <Image
        source={1}
        style={
          Object {
            "height": 34,
            "width": 38,
          }
        }
      />
      <Text
        style={
          Array [
            Object {
              "backgroundColor": "transparent",
              "color": "#bfc6ea",
              "fontFamily": "Roboto",
              "fontSize": 11,
              "lineHeight": 16,
              "marginLeft": 0,
              "marginRight": 0,
              "paddingLeft": 16,
              "paddingRight": 16,
            },
            Object {
              "alignItems": "center",
              "color": "#003A64",
              "fontSize": 13,
              "height": 18,
              "justifyContent": "center",
              "letterSpacing": 0.62,
              "lineHeight": 18,
            },
          ]
        }
        uppercase={false}
      >
        Circles
      </Text>
    </View>
    <View
      accessible={true}
      isTVSelectable={true}
      onResponderGrant={[Function]}
      onResponderMove={[Function]}
      onResponderRelease={[Function]}
      onResponderTerminate={[Function]}
      onResponderTerminationRequest={[Function]}
      onStartShouldSetResponder={[Function]}
      style={
        Object {
          "alignItems": "center",
          "alignSelf": "center",
          "backgroundColor": "transparent",
          "borderBottomWidth": null,
          "borderColor": null,
          "borderLeftWidth": null,
          "borderRadius": 2,
          "borderRightWidth": null,
          "borderTopWidth": null,
          "borderWidth": undefined,
          "elevation": 0,
          "flex": 1,
          "flexDirection": null,
          "height": 56,
          "justifyContent": "center",
          "opacity": 1,
          "paddingBottom": 6,
          "paddingTop": 6,
          "shadowColor": null,
          "shadowOffset": null,
          "shadowOpacity": null,
          "shadowRadius": null,
        }
      }
    >
      <Image
        source={1}
        style={
          Object {
            "height": 34,
            "width": 38,
          }
        }
      />
      <Text
        style={
          Array [
            Object {
              "backgroundColor": "transparent",
              "color": "#bfc6ea",
              "fontFamily": "Roboto",
              "fontSize": 11,
              "lineHeight": 16,
              "marginLeft": 0,
              "marginRight": 0,
              "paddingLeft": 16,
              "paddingRight": 16,
            },
            Object {
              "alignItems": "center",
              "color": "#003A64",
              "fontSize": 13,
              "height": 18,
              "justifyContent": "center",
              "letterSpacing": 0.62,
              "lineHeight": 18,
            },
          ]
        }
        uppercase={false}
      >
        Utilities
      </Text>
    </View>
  </View>
</View>
`;
