// Jest Snapshot v1, https://goo.gl/fbAQLP

exports[`renders correctly 1`] = `
<View
  onLayout={[Function]}
  style={
    Array [
      Object {
        "flex": 1,
      },
      undefined,
    ]
  }
>
  <View
    style={
      Array [
        Object {
          "borderBottomWidth": 0.5,
          "borderColor": "#004987",
          "elevation": 3,
          "flexDirection": "row",
          "height": 50,
          "justifyContent": "space-around",
          "shadowColor": "#000",
          "shadowOffset": Object {
            "height": 2,
            "width": 0,
          },
          "shadowOpacity": 0.2,
          "shadowRadius": 1.2,
        },
        Object {
          "backgroundColor": "#FEFFFF",
        },
        Object {},
      ]
    }
  >
    <View
      accessible={true}
      isTVSelectable={true}
      onResponderGrant={[Function]}
      onResponderMove={[Function]}
      onResponderRelease={[Function]}
      onResponderTerminate={[Function]}
      onResponderTerminationRequest={[Function]}
      onStartShouldSetResponder={[Function]}
      style={
        Object {
          "flex": 1,
          "opacity": 1,
        }
      }
    >
      <View
        active={true}
        style={
          Object {
            "alignItems": "center",
            "backgroundColor": "#FEFFFF",
            "flex": 1,
            "flexDirection": "row",
            "justifyContent": "center",
          }
        }
      >
        <Text
          style={
            Array [
              Object {
                "color": "#003A64",
                "fontFamily": "Roboto",
                "fontSize": 16,
                "fontWeight": "600",
                "marginLeft": 7,
                "marginRight": 7,
              },
              Object {
                "fontSize": 13,
              },
              undefined,
            ]
          }
          uppercase={false}
        >
          Credit Card/Debit Card
        </Text>
      </View>
    </View>
    <View
      accessible={true}
      isTVSelectable={true}
      onResponderGrant={[Function]}
      onResponderMove={[Function]}
      onResponderRelease={[Function]}
      onResponderTerminate={[Function]}
      onResponderTerminationRequest={[Function]}
      onStartShouldSetResponder={[Function]}
      style={
        Object {
          "flex": 1,
          "opacity": 1,
        }
      }
    >
      <View
        active={false}
        style={
          Object {
            "alignItems": "center",
            "backgroundColor": "#FEFFFF",
            "flex": 1,
            "flexDirection": "row",
            "justifyContent": "center",
          }
        }
      >
        <Text
          style={
            Array [
              Object {
                "color": "#000000",
                "fontFamily": "Roboto",
                "fontSize": 16,
                "marginLeft": 7,
                "marginRight": 7,
              },
              Object {
                "fontSize": 13,
              },
              undefined,
            ]
          }
          uppercase={false}
        >
          Bank Account
        </Text>
      </View>
    </View>
    <View
      style={
        Object {
          "backgroundColor": "#004987",
          "bottom": 0,
          "height": 4,
          "left": 0,
          "position": "absolute",
          "width": 375,
        }
      }
    />
  </View>
</View>
`;
