// Jest Snapshot v1, https://goo.gl/fbAQLP

exports[`renders correctly 1`] = `
<View
  accessible={true}
  isTVSelectable={true}
  onResponderGrant={[Function]}
  onResponderMove={[Function]}
  onResponderRelease={[Function]}
  onResponderTerminate={[Function]}
  onResponderTerminationRequest={[Function]}
  onStartShouldSetResponder={[Function]}
  style={
    Object {
      "alignItems": "center",
      "alignSelf": "flex-start",
      "backgroundColor": "#f4f4f4",
      "borderBottomWidth": null,
      "borderColor": "#A6A5AC",
      "borderLeftWidth": null,
      "borderRadius": 18,
      "borderRightWidth": null,
      "borderStyle": "solid",
      "borderTopWidth": null,
      "borderWidth": 0.5,
      "elevation": 2,
      "flexDirection": "row",
      "height": 36,
      "justifyContent": "space-between",
      "opacity": 1,
      "paddingBottom": 6,
      "paddingTop": 6,
      "shadowColor": "#000",
      "shadowOffset": Object {
        "height": 2,
        "width": 0,
      },
      "shadowOpacity": 0.2,
      "shadowRadius": 1.2,
      "width": 189,
    }
  }
>
  <Text
    style={
      Array [
        Object {
          "backgroundColor": "transparent",
          "color": "#000",
          "fontFamily": "Roboto",
          "fontSize": 14,
          "marginLeft": 0,
          "marginRight": 0,
          "paddingLeft": 16,
          "paddingRight": 16,
        },
        Object {
          "color": "#000000",
          "fontSize": 13,
          "height": 18,
          "letterSpacing": 0.62,
          "lineHeight": 18,
          "opacity": 0.54,
          "paddingLeft": 39,
          "textAlign": "center",
        },
      ]
    }
    uppercase={false}
  >
    Get Assistance
  </Text>
</View>
`;
